
> naples-vacation-planner@0.1.0 build
> next build

  Γû▓ Next.js 14.2.35

   Creating an optimized production build ...
 Γ£ô Compiled successfully
   Linting and checking validity of types ...
   Collecting page data ...
   Generating static pages (0/40) ...
node.exe : Sitemap 
error for type 
itinerary: Error: 
Invalid frontmatter 
in C:\Users\rossd\so
urce\naples-vacation
-planner\content\iti
neraries\naples-pres
erve-guide.mdx: [
At line:1 char:1
+ & "C:\Program File
s\nodejs/node.exe" 
"C:\Program Files\no
dejs/node_mo ...
+ ~~~~~~~~~~~~~~~~~~
~~~~~~~~~~~~~~~~~~~~
~~~~~~~~~~~~~~~~~~~~
~~~~~~~~~~~
    + CategoryInfo  
            : NotS  
  pecified: (Site   
 map error f...v    
e-guide.mdx: [:    
String) [], Rem    
oteException
    + FullyQualifie 
   dErrorId : Nati  
  veCommandError
 
  {
    "expected": 
"'relaxed' | 
'balanced' | 
'fast'",
    "received": 
"undefined",
    "code": 
"invalid_type",
    "path": [
      "pace"
    ],
    "message": 
"Required"
  },
  {
    "expected": 
"'couples' | 
'families' | 
'luxury' | 'nature' 
| 'all'",
    "received": 
"undefined",
    "code": 
"invalid_type",
    "path": [
      "audience"
    ],
    "message": 
"Required"
  }
]
    at C:\Users\ross
d\source\naples-vaca
tion-planner\.next\s
erver\app\sitemap.xm
l\route.js:1:59866
    at Array.map 
(<anonymous>)
    at ts (C:\Users\
rossd\source\naples-
vacation-planner\.ne
xt\server\app\sitema
p.xml\route.js:1:596
08)
    at C:\Users\ross
d\source\naples-vaca
tion-planner\.next\s
erver\app\sitemap.xm
l\route.js:1:60453
    at 
Array.flatMap 
(<anonymous>)
    at to (C:\Users\
rossd\source\naples-
vacation-planner\.ne
xt\server\app\sitema
p.xml\route.js:1:604
31)
    at tf (C:\Users\
rossd\source\naples-
vacation-planner\.ne
xt\server\app\sitema
p.xml\route.js:1:612
73)
    at C:\Users\ross
d\source\naples-vaca
tion-planner\node_mo
dules\next\dist\comp
iled\next-server\app
-route.runtime.prod.
js:6:38417
    at C:\Users\ross
d\source\naples-vaca
tion-planner\node_mo
dules\next\dist\serv
er\lib\trace\tracer.
js:140:36
    at NoopContextMa
nager.with (C:\Users
\rossd\source\naples
-vacation-planner\no
de_modules\next\dist
\compiled\@opentelem
etry\api\index.js:1:
7062)

Error occurred 
prerendering page 
"/sitemap.xml". 
Read more: https://n
extjs.org/docs/messa
ges/prerender-error

Error: Invalid 
frontmatter in C:\Us
ers\rossd\source\nap
les-vacation-planner
\content\itineraries
\naples-preserve-gui
de.mdx: [
  {
    "expected": 
"'relaxed' | 
'balanced' | 
'fast'",
    "received": 
"undefined",
    "code": 
"invalid_type",
    "path": [
      "pace"
    ],
    "message": 
"Required"
  },
  {
    "expected": 
"'couples' | 
'families' | 
'luxury' | 'nature' 
| 'all'",
    "received": 
"undefined",
    "code": 
"invalid_type",
    "path": [
      "audience"
    ],
    "message": 
"Required"
  }
]
    at C:\Users\ross
d\source\naples-vaca
tion-planner\.next\s
erver\app\sitemap.xm
l\route.js:1:59866
    at Array.map 
(<anonymous>)
    at ts (C:\Users\
rossd\source\naples-
vacation-planner\.ne
xt\server\app\sitema
p.xml\route.js:1:596
08)
    at C:\Users\ross
d\source\naples-vaca
tion-planner\.next\s
erver\app\sitemap.xm
l\route.js:1:60453
    at 
Array.flatMap 
(<anonymous>)
    at to (C:\Users\
rossd\source\naples-
vacation-planner\.ne
xt\server\app\sitema
p.xml\route.js:1:604
31)
    at tf (C:\Users\
rossd\source\naples-
vacation-planner\.ne
xt\server\app\sitema
p.xml\route.js:1:612
73)
    at C:\Users\ross
d\source\naples-vaca
tion-planner\node_mo
dules\next\dist\comp
iled\next-server\app
-route.runtime.prod.
js:6:38417
    at C:\Users\ross
d\source\naples-vaca
tion-planner\node_mo
dules\next\dist\serv
er\lib\trace\tracer.
js:140:36
    at NoopContextMa
nager.with (C:\Users
\rossd\source\naples
-vacation-planner\no
de_modules\next\dist
\compiled\@opentelem
etry\api\index.js:1:
7062)
   Generating static pages (10/40) 
   Generating static pages (20/40) 
   Generating static pages (30/40) 
 Γ£ô Generating static pages (40/40)

> Export 
encountered errors 
on following paths:
	
/sitemap.xml/route: 
/sitemap.xml
